// Jest Snapshot v1, https://goo.gl/fbAQLP

exports[`renders correctly 1`] = `
<div
  className="container"
>
  <h2
    style={
      Object {
        "fontSize": "32px",
      }
    }
  >
    Let's do some math!
  </h2>
  <div
    className="calculator"
  >
    <div
      className="display"
    >
      <p />
      <p />
      <p />
    </div>
    <div
      className="keys"
    >
      <button
        className="key"
        onClick={[Function]}
        type="button"
      >
        AC
      </button>
      <button
        className="key"
        onClick={[Function]}
        type="button"
      >
        +/-
      </button>
      <button
        className="key"
        onClick={[Function]}
        type="button"
      >
        %
      </button>
      <button
        className="key symbol"
        onClick={[Function]}
        type="button"
      >
        รท
      </button>
      <button
        className="key"
        onClick={[Function]}
        type="button"
      >
        7
      </button>
      <button
        className="key"
        onClick={[Function]}
        type="button"
      >
        8
      </button>
      <button
        className="key"
        onClick={[Function]}
        type="button"
      >
        9
      </button>
      <button
        className="key symbol"
        onClick={[Function]}
        type="button"
      >
        ร
      </button>
      <button
        className="key"
        onClick={[Function]}
        type="button"
      >
        4
      </button>
      <button
        className="key"
        onClick={[Function]}
        type="button"
      >
        5
      </button>
      <button
        className="key"
        onClick={[Function]}
        type="button"
      >
        6
      </button>
      <button
        className="key symbol"
        onClick={[Function]}
        type="button"
      >
        -
      </button>
      <button
        className="key"
        onClick={[Function]}
        type="button"
      >
        1
      </button>
      <button
        className="key"
        onClick={[Function]}
        type="button"
      >
        2
      </button>
      <button
        className="key"
        onClick={[Function]}
        type="button"
      >
        3
      </button>
      <button
        className="key symbol"
        onClick={[Function]}
        type="button"
      >
        +
      </button>
      <button
        className="key zero"
        onClick={[Function]}
        type="button"
      >
        0
      </button>
      <button
        className="key"
        onClick={[Function]}
        type="button"
      >
        .
      </button>
      <button
        className="key symbol"
        onClick={[Function]}
        type="button"
      >
        =
      </button>
    </div>
  </div>
</div>
`;
