// Jest Snapshot v1, https://goo.gl/fbAQLP

exports[`Test components Home test 1`] = `
<section
  className="home"
>
  <h2
    style={
      Object {
        "fontSize": "32px",
      }
    }
  >
    Welcome to our page!
  </h2>
  <p
    style={
      Object {
        "color": "#c6e6ff",
        "fontSize": "20px",
        "paddingBottom": "10px",
      }
    }
  >
    Lorem ipsum dolor sit, amet consectetur adipisicing elit. Ratione, et accusantium beatae reiciendis eveniet in, quidem aliquid dolorum nisi quis sit minima aspernatur? Accusantium quia a fugiat voluptatibus pariatur eveniet, doloremque illo ex esse hic optio numquam repellendus ab suscipit sint eius facere reprehenderit tenetur minima cumque nam. Saepe odit velit quasi culpa unde delectus molestiae exercitationem qui, fugit, fugiat repellat deserunt recusandae minus libero rem necessitatibus animi, voluptates eum. Magni expedita soluta quam vel qui obcaecati facere non, harum vero ratione cum autem mollitia veniam pariatur cumque velit veritatis corrupti sed voluptates maiores esse magnam animi quae? Voluptatem, quibusdam?
  </p>
  <p
    style={
      Object {
        "color": "#c6e6ff",
        "fontSize": "20px",
        "paddingBottom": "10px",
      }
    }
  >
    Lorem ipsum dolor sit amet consectetur adipisicing elit. Ipsa, magni hic eius, tempora iste ipsam mollitia non aspernatur inventore necessitatibus tempore nemo provident modi. Deleniti aut officiis quisquam veritatis, illo optio animi ullam inventore nesciunt debitis consequatur illum magnam minus a neque, velit tempore, earum unde dolore natus. Architecto cumque et enim porro animi repudiandae error quam illum culpa distinctio mollitia, suscipit cum eos eius non excepturi saepe dolores, delectus ipsum totam? Error harum eum, voluptate a cum velit cupiditate incidunt, iure beatae facilis omnis, sunt vero! Fuga, at vitae ducimus architecto, cum sint hic sunt voluptates inventore doloribus molestias.
  </p>
</section>
`;
