// Jest Snapshot v1, https://goo.gl/fbAQLP

exports[`renders correctly 1`] = `
<button
  className="key"
  onClick={[Function]}
  type="button"
>
  7
</button>
`;
